
> vite_react_shadcn_ts@0.0.0 typecheck
> tsc --noEmit --project tsconfig.app.json

src/components/AIInsights.tsx(212,28): error TS2339: Property 'date' does not exist on type 'unknown'.
src/components/AIInsights.tsx(215,60): error TS2339: Property 'date' does not exist on type 'unknown'.
src/components/AIInsights.tsx(220,28): error TS2339: Property 'date' does not exist on type 'unknown'.
src/components/AIInsights.tsx(273,44): error TS2339: Property 'category' does not exist on type 'unknown'.
src/components/AIInsights.tsx(285,28): error TS2339: Property 'type' does not exist on type 'unknown'.
src/components/AIInsights.tsx(287,30): error TS2339: Property 'category' does not exist on type 'unknown'.
src/components/AIInsights.tsx(288,33): error TS2339: Property 'category' does not exist on type 'unknown'.
src/components/AIInsights.tsx(288,60): error TS2339: Property 'amount' does not exist on type 'unknown'.
src/components/AIInsights.tsx(308,28): error TS2339: Property 'type' does not exist on type 'unknown'.
src/components/AIInsights.tsx(309,36): error TS2339: Property 'amount' does not exist on type 'unknown'.
src/components/AIInsights.tsx(309,55): error TS2339: Property 'amount' does not exist on type 'unknown'.
src/components/AIInsights.tsx(327,30): error TS2339: Property 'category' does not exist on type 'unknown'.
src/components/AIInsights.tsx(329,36): error TS2339: Property 'date' does not exist on type 'unknown'.
src/components/AIInsights.tsx(329,65): error TS2339: Property 'date' does not exist on type 'unknown'.
src/components/AIInsights.tsx(407,17): error TS2740: Type '{}' is missing the following properties from type 'any[]': length, pop, push, concat, and 29 more.
src/components/AIInsights.tsx(455,21): error TS2322: Type 'unknown' is not assignable to type 'ReactNode'.
src/components/NewsView.tsx(183,28): error TS2345: Argument of type '{ source: string; contentSnippet: string; description: string; sentiment: "bullish" | "bearish" | "neutral"; sector: string; title: string; }' is not assignable to parameter of type 'NewsItem'.
  Type '{ source: string; contentSnippet: string; description: string; sentiment: "bullish" | "bearish" | "neutral"; sector: string; title: string; }' is missing the following properties from type 'NewsItem': link, pubDate, content, guid, isoDate
src/components/TransactionView.tsx(233,17): error TS2322: Type 'unknown[]' is not assignable to type 'Transaction[]'.
  Type '{}' is missing the following properties from type 'Transaction': date, type, category, amount, description
src/components/uno/UnoLobby.tsx(82,45): error TS2304: Cannot find name 'RawRoomStateFromJoin'.
src/components/uno/UnoLobby.tsx(95,56): error TS2339: Property 'is_public' does not exist on type 'Json'.
  Property 'is_public' does not exist on type 'string'.
src/components/uno/UnoLobby.tsx(126,13): error TS2322: Type '{ id: unknown; room_id: unknown; players: Player[]; code: unknown; status: unknown; settings: unknown; }[]' is not assignable to type 'RoomData[]'.
  Type '{ id: unknown; room_id: unknown; players: Player[]; code: unknown; status: unknown; settings: unknown; }' is not assignable to type 'RoomData'.
    Types of property 'id' are incompatible.
      Type 'unknown' is not assignable to type 'string'.
src/components/uno/UnoTable.tsx(408,21): error TS2322: Type 'import("G:/lovabel-money-flow/src/types/uno").UnoCard' is not assignable to type 'import("G:/lovabel-money-flow/src/game/types").UnoCard'.
  Types of property 'color' are incompatible.
    Type 'UnoCardColor' is not assignable to type 'CardColor'.
      Type '"wild"' is not assignable to type 'CardColor'.
src/components/uno/UnoTable.tsx(500,21): error TS2322: Type 'import("G:/lovabel-money-flow/src/types/uno").UnoCard' is not assignable to type 'import("G:/lovabel-money-flow/src/game/types").UnoCard'.
  Types of property 'color' are incompatible.
    Type 'UnoCardColor' is not assignable to type 'CardColor'.
      Type '"wild"' is not assignable to type 'CardColor'.
src/components/uno/UnoWaitingRoom.tsx(20,78): error TS2551: Property 'max_players' does not exist on type 'GameSettings'. Did you mean 'maxPlayers'?
src/pages/UnoPage.tsx(50,27): error TS2339: Property 'has_drawn_this_turn' does not exist on type '{ current_player_index: number; deck: Json[]; direction: number; discard_pile: Json[]; id: string; players: Json[]; room_id: string; updated_at: string; version: number; winner_id: string; }'.
src/pages/UnoPage.tsx(310,26): error TS2339: Property 'message' does not exist on type 'unknown'.
src/pages/UnoPage.tsx(511,13): error TS2322: Type 'Json' is not assignable to type 'Json[]'.
  Type 'string' is not assignable to type 'Json[]'.
src/pages/UnoPage.tsx(522,15): error TS2322: Type 'Json' is not assignable to type 'Json[]'.
  Type 'string' is not assignable to type 'Json[]'.
src/pages/UnoPage.tsx(549,15): error TS2322: Type 'Json' is not assignable to type 'Json[]'.
  Type 'string' is not assignable to type 'Json[]'.
src/pages/UnoPage.tsx(593,11): error TS2322: Type 'import("G:/lovabel-money-flow/src/types/uno").GameState' is not assignable to type 'import("G:/lovabel-money-flow/src/game/types").GameState'.
  Types of property 'players' are incompatible.
    Type 'import("G:/lovabel-money-flow/src/types/uno").Player[]' is not assignable to type 'import("G:/lovabel-money-flow/src/game/types").Player[]'.
      Type 'import("G:/lovabel-money-flow/src/types/uno").Player' is not assignable to type 'import("G:/lovabel-money-flow/src/game/types").Player'.
        Types of property 'hand' are incompatible.
          Type 'import("G:/lovabel-money-flow/src/types/uno").UnoCard[]' is not assignable to type 'import("G:/lovabel-money-flow/src/game/types").UnoCard[]'.
            Type 'import("G:/lovabel-money-flow/src/types/uno").UnoCard' is not assignable to type 'import("G:/lovabel-money-flow/src/game/types").UnoCard'.
              Types of property 'color' are incompatible.
                Type 'UnoCardColor' is not assignable to type 'CardColor'.
                  Type '"wild"' is not assignable to type 'CardColor'.
